// Jest Snapshot v1, https://goo.gl/fbAQLP

exports[`Pruebas del archivo HookApp Debe de renderizar correctamente el componente 1`] = `
<div>
  <h1>
    Hola Mundo
  </h1>
</div>
`;
