// Jest Snapshot v1, https://goo.gl/fbAQLP

exports[`Pruebas del archivo TodoList Debe de mostrar correctamente el componente 1`] = `
<ul
  className="list-group list-group-flush"
>
  <TodoListItem
    handleDelete={[MockFunction]}
    handleToggle={[MockFunction]}
    index={0}
    key="1"
    todo={
      Object {
        "desc": "Aprender Node.js",
        "done": false,
        "id": 1,
      }
    }
  />
  <TodoListItem
    handleDelete={[MockFunction]}
    handleToggle={[MockFunction]}
    index={1}
    key="2"
    todo={
      Object {
        "desc": "Aprender MYSQL",
        "done": false,
        "id": 2,
      }
    }
  />
</ul>
`;
