// Jest Snapshot v1, https://goo.gl/fbAQLP

exports[`Pruebas del componente SearchScreen.js Debe de cambiar el valor del input y este tiene que ser el mismo que hay en la URL 1`] = `
<div>
  <h1>
    Search Screen
  </h1>
  <hr />
  <div
    className="row"
  >
    <div
      className="col-5"
    >
      <h4>
         Search Form 
      </h4>
      <hr />
      <form
        onSubmit={[Function]}
      >
        <input
          autoComplete="off"
          className="form-control"
          name="searchText"
          onChange={[Function]}
          placeholder="Find your hero"
          type="text"
          value="Hulk"
        />
        <button
          className="btn m-1 btn-block btn-outline-primary"
          type="submit"
        >
          Search...
        </button>
      </form>
    </div>
    <div
      className="col-7"
    >
      <h4>
         Results 
      </h4>
      <hr />
      <div
        className="card ms-3 animate__animated animate__fadeIn"
        style={
          Object {
            "maxWidth": 540,
          }
        }
      >
        <div
          className="row no-gutters"
        >
          <div
            className="col-md-4"
          >
            <img
              alt="Hulk"
              className="card-img"
              src="./assets/heroes/marvel-hulk.jpg"
            />
          </div>
          <div
            className="col-md-8"
          >
            <div
              className="card-body"
            >
              <h5
                className="card-title"
              >
                 
                Hulk
                 
              </h5>
              <p
                className="card-text"
              >
                 
                Bruce Banner
                 
              </p>
              <p
                className="card-text"
              >
                <small
                  className="text-muted"
                >
                   
                  The Incredible Hulk #1
                   
                </small>
              </p>
              <a
                href="/hero/marvel-hulk"
                onClick={[Function]}
              >
                MÃ¡s...
              </a>
            </div>
          </div>
        </div>
      </div>
    </div>
  </div>
</div>
`;

exports[`Pruebas del componente SearchScreen.js Debe de mostrar correctamente el componete 1`] = `
<div>
  <h1>
    Search Screen
  </h1>
  <hr />
  <div
    className="row"
  >
    <div
      className="col-5"
    >
      <h4>
         Search Form 
      </h4>
      <hr />
      <form
        onSubmit={[Function]}
      >
        <input
          autoComplete="off"
          className="form-control"
          name="searchText"
          onChange={[Function]}
          placeholder="Find your hero"
          type="text"
          value=""
        />
        <button
          className="btn m-1 btn-block btn-outline-primary"
          type="submit"
        >
          Search...
        </button>
      </form>
    </div>
    <div
      className="col-7"
    >
      <h4>
         Results 
      </h4>
      <hr />
      <div
        className="alert alert-info"
      >
        Search a hero
      </div>
    </div>
  </div>
</div>
`;

exports[`Pruebas del componente SearchScreen.js debe de mostrar un error cuando el heroe no se encuentra 1`] = `
<div>
  <h1>
    Search Screen
  </h1>
  <hr />
  <div
    className="row"
  >
    <div
      className="col-5"
    >
      <h4>
         Search Form 
      </h4>
      <hr />
      <form
        onSubmit={[Function]}
      >
        <input
          autoComplete="off"
          className="form-control"
          name="searchText"
          onChange={[Function]}
          placeholder="Find your hero"
          type="text"
          value="noHERO"
        />
        <button
          className="btn m-1 btn-block btn-outline-primary"
          type="submit"
        >
          Search...
        </button>
      </form>
    </div>
    <div
      className="col-7"
    >
      <h4>
         Results 
      </h4>
      <hr />
      <div
        className="alert alert-danger"
      >
        There is no a hero with 
        noHERO
      </div>
    </div>
  </div>
</div>
`;
