// Jest Snapshot v1, https://goo.gl/fbAQLP

exports[`Pruebas del archivo HomeScreen.js  Debe de renderizar correctamente el componente 1`] = `
<div>
  <h1>
    HomeScreen
  </h1>
  <hr />
  <pre>
    {
   "name": "Isaac",
   "email": "Isaac@gmail.com"
}
  </pre>
</div>
`;
