// Jest Snapshot v1, https://goo.gl/fbAQLP

exports[`Prueba del LoginScreen.js Debe de renderizar el componemte correctamente 1`] = `
<div>
  <h1>
    LoginScreen
  </h1>
  <hr />
  <button
    className="btn btn-primary"
    onClick={[Function]}
  >
    Login
  </button>
</div>
`;
